// Jest Snapshot v1, https://goo.gl/fbAQLP

exports[`Should match snapshot for default puzzle 1`] = `
Array [
  Array [
    Object {
      "column": 0,
      "letter": "N",
      "row": 0,
      "updatedAt": "2017-07-14T02:40:00.000Z",
    },
    Object {
      "column": 1,
      "letter": "O",
      "row": 0,
      "updatedAt": "2017-07-14T02:40:00.000Z",
    },
    Object {
      "column": 2,
      "letter": "R",
      "row": 0,
      "updatedAt": "2017-07-14T02:40:00.000Z",
    },
    Object {
      "column": 3,
      "letter": "A",
      "row": 0,
      "updatedAt": 2017-07-14T02:40:00.000Z,
    },
    Object {
      "column": 4,
      "letter": "M",
      "row": 0,
      "updatedAt": "2017-07-14T02:40:00.000Z",
    },
  ],
  Array [
    Object {
      "column": 0,
      "letter": "Q",
      "row": 1,
      "updatedAt": "2017-07-14T02:40:00.000Z",
    },
    Object {
      "column": 1,
      "letter": "S",
      "row": 1,
      "updatedAt": "2017-07-14T02:40:00.000Z",
    },
    Object {
      "column": 2,
      "letter": "J",
      "row": 1,
      "updatedAt": "2017-07-14T02:40:00.000Z",
    },
    Object {
      "column": 3,
      "letter": "X",
      "row": 1,
      "updatedAt": "2017-07-14T02:40:00.000Z",
    },
    Object {
      "column": 4,
      "letter": "V",
      "row": 1,
      "updatedAt": "2017-07-14T02:40:00.000Z",
    },
  ],
  Array [
    Object {
      "column": 0,
      "letter": "H",
      "row": 2,
      "updatedAt": "2017-07-14T02:40:00.000Z",
    },
    Object {
      "column": 1,
      "letter": "G",
      "row": 2,
      "updatedAt": "2017-07-14T02:40:00.000Z",
    },
    Object {
      "column": 2,
      "letter": "C",
      "row": 2,
      "updatedAt": "2017-07-14T02:40:00.000Z",
    },
    Object {
      "column": 3,
      "letter": "L",
      "row": 2,
      "updatedAt": "2017-07-14T02:40:00.000Z",
    },
    Object {
      "column": 4,
      "letter": "M",
      "row": 2,
      "updatedAt": "2017-07-14T02:40:00.000Z",
    },
  ],
  Array [
    Object {
      "column": 0,
      "letter": "T",
      "row": 3,
      "updatedAt": "2017-07-14T02:40:00.000Z",
    },
    Object {
      "column": 1,
      "letter": "L",
      "row": 3,
      "updatedAt": "2017-07-14T02:40:00.000Z",
    },
    Object {
      "column": 2,
      "letter": "M",
      "row": 3,
      "updatedAt": "2017-07-14T02:40:00.000Z",
    },
    Object {
      "column": 3,
      "letter": "G",
      "row": 3,
      "updatedAt": "2017-07-14T02:40:00.000Z",
    },
    Object {
      "column": 4,
      "letter": "H",
      "row": 3,
      "updatedAt": "2017-07-14T02:40:00.000Z",
    },
  ],
  Array [
    Object {
      "column": 0,
      "letter": "U",
      "row": 4,
      "updatedAt": "2017-07-14T02:40:00.000Z",
    },
    Object {
      "column": 1,
      "letter": "G",
      "row": 4,
      "updatedAt": "2017-07-14T02:40:00.000Z",
    },
    Object {
      "column": 2,
      "letter": "A",
      "row": 4,
      "updatedAt": "2017-07-14T02:40:00.000Z",
    },
    Object {
      "column": 3,
      "letter": "A",
      "row": 4,
      "updatedAt": "2017-07-14T02:40:00.000Z",
    },
    Object {
      "column": 4,
      "letter": "W",
      "row": 4,
      "updatedAt": "2017-07-14T02:40:00.000Z",
    },
  ],
]
`;

exports[`Should match snapshot for large puzzle 1`] = `
Array [
  Array [
    Object {
      "column": 0,
      "letter": "G",
      "row": 0,
      "updatedAt": "2017-07-14T02:40:00.000Z",
    },
    Object {
      "column": 1,
      "letter": "H",
      "row": 0,
      "updatedAt": "2017-07-14T02:40:00.000Z",
    },
    Object {
      "column": 2,
      "letter": "N",
      "row": 0,
      "updatedAt": "2017-07-14T02:40:00.000Z",
    },
    Object {
      "column": 3,
      "letter": "E",
      "row": 0,
      "updatedAt": "2017-07-14T02:40:00.000Z",
    },
    Object {
      "column": 4,
      "letter": "B",
      "row": 0,
      "updatedAt": "2017-07-14T02:40:00.000Z",
    },
    Object {
      "column": 5,
      "letter": "F",
      "row": 0,
      "updatedAt": "2017-07-14T02:40:00.000Z",
    },
    Object {
      "column": 6,
      "letter": "U",
      "row": 0,
      "updatedAt": "2017-07-14T02:40:00.000Z",
    },
    Object {
      "column": 7,
      "letter": "W",
      "row": 0,
      "updatedAt": "2017-07-14T02:40:00.000Z",
    },
    Object {
      "column": 8,
      "letter": "C",
      "row": 0,
      "updatedAt": "2017-07-14T02:40:00.000Z",
    },
    Object {
      "column": 9,
      "letter": "D",
      "row": 0,
      "updatedAt": "2017-07-14T02:40:00.000Z",
    },
    Object {
      "column": 10,
      "letter": "H",
      "row": 0,
      "updatedAt": "2017-07-14T02:40:00.000Z",
    },
    Object {
      "column": 11,
      "letter": "Q",
      "row": 0,
      "updatedAt": "2017-07-14T02:40:00.000Z",
    },
    Object {
      "column": 12,
      "letter": "X",
      "row": 0,
      "updatedAt": "2017-07-14T02:40:00.000Z",
    },
    Object {
      "column": 13,
      "letter": "G",
      "row": 0,
      "updatedAt": "2017-07-14T02:40:00.000Z",
    },
    Object {
      "column": 14,
      "letter": "K",
      "row": 0,
      "updatedAt": "2017-07-14T02:40:00.000Z",
    },
  ],
  Array [
    Object {
      "column": 0,
      "letter": "V",
      "row": 1,
      "updatedAt": "2017-07-14T02:40:00.000Z",
    },
    Object {
      "column": 1,
      "letter": "Z",
      "row": 1,
      "updatedAt": "2017-07-14T02:40:00.000Z",
    },
    Object {
      "column": 2,
      "letter": "S",
      "row": 1,
      "updatedAt": "2017-07-14T02:40:00.000Z",
    },
    Object {
      "column": 3,
      "letter": "Z",
      "row": 1,
      "updatedAt": "2017-07-14T02:40:00.000Z",
    },
    Object {
      "column": 4,
      "letter": "W",
      "row": 1,
      "updatedAt": "2017-07-14T02:40:00.000Z",
    },
    Object {
      "column": 5,
      "letter": "I",
      "row": 1,
      "updatedAt": "2017-07-14T02:40:00.000Z",
    },
    Object {
      "column": 6,
      "letter": "E",
      "row": 1,
      "updatedAt": "2017-07-14T02:40:00.000Z",
    },
    Object {
      "column": 7,
      "letter": "M",
      "row": 1,
      "updatedAt": "2017-07-14T02:40:00.000Z",
    },
    Object {
      "column": 8,
      "letter": "Q",
      "row": 1,
      "updatedAt": "2017-07-14T02:40:00.000Z",
    },
    Object {
      "column": 9,
      "letter": "W",
      "row": 1,
      "updatedAt": "2017-07-14T02:40:00.000Z",
    },
    Object {
      "column": 10,
      "letter": "C",
      "row": 1,
      "updatedAt": "2017-07-14T02:40:00.000Z",
    },
    Object {
      "column": 11,
      "letter": "E",
      "row": 1,
      "updatedAt": "2017-07-14T02:40:00.000Z",
    },
    Object {
      "column": 12,
      "letter": "Y",
      "row": 1,
      "updatedAt": "2017-07-14T02:40:00.000Z",
    },
    Object {
      "column": 13,
      "letter": "I",
      "row": 1,
      "updatedAt": "2017-07-14T02:40:00.000Z",
    },
    Object {
      "column": 14,
      "letter": "G",
      "row": 1,
      "updatedAt": "2017-07-14T02:40:00.000Z",
    },
  ],
  Array [
    Object {
      "column": 0,
      "letter": "G",
      "row": 2,
      "updatedAt": "2017-07-14T02:40:00.000Z",
    },
    Object {
      "column": 1,
      "letter": "X",
      "row": 2,
      "updatedAt": "2017-07-14T02:40:00.000Z",
    },
    Object {
      "column": 2,
      "letter": "U",
      "row": 2,
      "updatedAt": "2017-07-14T02:40:00.000Z",
    },
    Object {
      "column": 3,
      "letter": "Q",
      "row": 2,
      "updatedAt": "2017-07-14T02:40:00.000Z",
    },
    Object {
      "column": 4,
      "letter": "O",
      "row": 2,
      "updatedAt": "2017-07-14T02:40:00.000Z",
    },
    Object {
      "column": 5,
      "letter": "V",
      "row": 2,
      "updatedAt": "2017-07-14T02:40:00.000Z",
    },
    Object {
      "column": 6,
      "letter": "E",
      "row": 2,
      "updatedAt": "2017-07-14T02:40:00.000Z",
    },
    Object {
      "column": 7,
      "letter": "L",
      "row": 2,
      "updatedAt": "2017-07-14T02:40:00.000Z",
    },
    Object {
      "column": 8,
      "letter": "O",
      "row": 2,
      "updatedAt": "2017-07-14T02:40:00.000Z",
    },
    Object {
      "column": 9,
      "letter": "M",
      "row": 2,
      "updatedAt": "2017-07-14T02:40:00.000Z",
    },
    Object {
      "column": 10,
      "letter": "B",
      "row": 2,
      "updatedAt": "2017-07-14T02:40:00.000Z",
    },
    Object {
      "column": 11,
      "letter": "E",
      "row": 2,
      "updatedAt": "2017-07-14T02:40:00.000Z",
    },
    Object {
      "column": 12,
      "letter": "U",
      "row": 2,
      "updatedAt": "2017-07-14T02:40:00.000Z",
    },
    Object {
      "column": 13,
      "letter": "J",
      "row": 2,
      "updatedAt": "2017-07-14T02:40:00.000Z",
    },
    Object {
      "column": 14,
      "letter": "P",
      "row": 2,
      "updatedAt": "2017-07-14T02:40:00.000Z",
    },
  ],
  Array [
    Object {
      "column": 0,
      "letter": "A",
      "row": 3,
      "updatedAt": "2017-07-14T02:40:00.000Z",
    },
    Object {
      "column": 1,
      "letter": "M",
      "row": 3,
      "updatedAt": "2017-07-14T02:40:00.000Z",
    },
    Object {
      "column": 2,
      "letter": "Y",
      "row": 3,
      "updatedAt": "2017-07-14T02:40:00.000Z",
    },
    Object {
      "column": 3,
      "letter": "C",
      "row": 3,
      "updatedAt": "2017-07-14T02:40:00.000Z",
    },
    Object {
      "column": 4,
      "letter": "D",
      "row": 3,
      "updatedAt": "2017-07-14T02:40:00.000Z",
    },
    Object {
      "column": 5,
      "letter": "D",
      "row": 3,
      "updatedAt": "2017-07-14T02:40:00.000Z",
    },
    Object {
      "column": 6,
      "letter": "Z",
      "row": 3,
      "updatedAt": "2017-07-14T02:40:00.000Z",
    },
    Object {
      "column": 7,
      "letter": "D",
      "row": 3,
      "updatedAt": "2017-07-14T02:40:00.000Z",
    },
    Object {
      "column": 8,
      "letter": "P",
      "row": 3,
      "updatedAt": "2017-07-14T02:40:00.000Z",
    },
    Object {
      "column": 9,
      "letter": "X",
      "row": 3,
      "updatedAt": "2017-07-14T02:40:00.000Z",
    },
    Object {
      "column": 10,
      "letter": "H",
      "row": 3,
      "updatedAt": "2017-07-14T02:40:00.000Z",
    },
    Object {
      "column": 11,
      "letter": "J",
      "row": 3,
      "updatedAt": "2017-07-14T02:40:00.000Z",
    },
    Object {
      "column": 12,
      "letter": "G",
      "row": 3,
      "updatedAt": "2017-07-14T02:40:00.000Z",
    },
    Object {
      "column": 13,
      "letter": "Y",
      "row": 3,
      "updatedAt": "2017-07-14T02:40:00.000Z",
    },
    Object {
      "column": 14,
      "letter": "Z",
      "row": 3,
      "updatedAt": "2017-07-14T02:40:00.000Z",
    },
  ],
  Array [
    Object {
      "column": 0,
      "letter": "V",
      "row": 4,
      "updatedAt": "2017-07-14T02:40:00.000Z",
    },
    Object {
      "column": 1,
      "letter": "R",
      "row": 4,
      "updatedAt": "2017-07-14T02:40:00.000Z",
    },
    Object {
      "column": 2,
      "letter": "G",
      "row": 4,
      "updatedAt": "2017-07-14T02:40:00.000Z",
    },
    Object {
      "column": 3,
      "letter": "R",
      "row": 4,
      "updatedAt": "2017-07-14T02:40:00.000Z",
    },
    Object {
      "column": 4,
      "letter": "R",
      "row": 4,
      "updatedAt": "2017-07-14T02:40:00.000Z",
    },
    Object {
      "column": 5,
      "letter": "W",
      "row": 4,
      "updatedAt": "2017-07-14T02:40:00.000Z",
    },
    Object {
      "column": 6,
      "letter": "M",
      "row": 4,
      "updatedAt": "2017-07-14T02:40:00.000Z",
    },
    Object {
      "column": 7,
      "letter": "U",
      "row": 4,
      "updatedAt": "2017-07-14T02:40:00.000Z",
    },
    Object {
      "column": 8,
      "letter": "K",
      "row": 4,
      "updatedAt": "2017-07-14T02:40:00.000Z",
    },
    Object {
      "column": 9,
      "letter": "S",
      "row": 4,
      "updatedAt": "2017-07-14T02:40:00.000Z",
    },
    Object {
      "column": 10,
      "letter": "B",
      "row": 4,
      "updatedAt": "2017-07-14T02:40:00.000Z",
    },
    Object {
      "column": 11,
      "letter": "O",
      "row": 4,
      "updatedAt": "2017-07-14T02:40:00.000Z",
    },
    Object {
      "column": 12,
      "letter": "U",
      "row": 4,
      "updatedAt": "2017-07-14T02:40:00.000Z",
    },
    Object {
      "column": 13,
      "letter": "L",
      "row": 4,
      "updatedAt": "2017-07-14T02:40:00.000Z",
    },
    Object {
      "column": 14,
      "letter": "R",
      "row": 4,
      "updatedAt": "2017-07-14T02:40:00.000Z",
    },
  ],
  Array [
    Object {
      "column": 0,
      "letter": "L",
      "row": 5,
      "updatedAt": "2017-07-14T02:40:00.000Z",
    },
    Object {
      "column": 1,
      "letter": "R",
      "row": 5,
      "updatedAt": "2017-07-14T02:40:00.000Z",
    },
    Object {
      "column": 2,
      "letter": "N",
      "row": 5,
      "updatedAt": "2017-07-14T02:40:00.000Z",
    },
    Object {
      "column": 3,
      "letter": "G",
      "row": 5,
      "updatedAt": "2017-07-14T02:40:00.000Z",
    },
    Object {
      "column": 4,
      "letter": "M",
      "row": 5,
      "updatedAt": "2017-07-14T02:40:00.000Z",
    },
    Object {
      "column": 5,
      "letter": "F",
      "row": 5,
      "updatedAt": "2017-07-14T02:40:00.000Z",
    },
    Object {
      "column": 6,
      "letter": "A",
      "row": 5,
      "updatedAt": "2017-07-14T02:40:00.000Z",
    },
    Object {
      "column": 7,
      "letter": "U",
      "row": 5,
      "updatedAt": "2017-07-14T02:40:00.000Z",
    },
    Object {
      "column": 8,
      "letter": "W",
      "row": 5,
      "updatedAt": "2017-07-14T02:40:00.000Z",
    },
    Object {
      "column": 9,
      "letter": "D",
      "row": 5,
      "updatedAt": "2017-07-14T02:40:00.000Z",
    },
    Object {
      "column": 10,
      "letter": "N",
      "row": 5,
      "updatedAt": "2017-07-14T02:40:00.000Z",
    },
    Object {
      "column": 11,
      "letter": "G",
      "row": 5,
      "updatedAt": "2017-07-14T02:40:00.000Z",
    },
    Object {
      "column": 12,
      "letter": "F",
      "row": 5,
      "updatedAt": "2017-07-14T02:40:00.000Z",
    },
    Object {
      "column": 13,
      "letter": "G",
      "row": 5,
      "updatedAt": "2017-07-14T02:40:00.000Z",
    },
    Object {
      "column": 14,
      "letter": "X",
      "row": 5,
      "updatedAt": "2017-07-14T02:40:00.000Z",
    },
  ],
  Array [
    Object {
      "column": 0,
      "letter": "M",
      "row": 6,
      "updatedAt": "2017-07-14T02:40:00.000Z",
    },
    Object {
      "column": 1,
      "letter": "X",
      "row": 6,
      "updatedAt": "2017-07-14T02:40:00.000Z",
    },
    Object {
      "column": 2,
      "letter": "I",
      "row": 6,
      "updatedAt": "2017-07-14T02:40:00.000Z",
    },
    Object {
      "column": 3,
      "letter": "Z",
      "row": 6,
      "updatedAt": "2017-07-14T02:40:00.000Z",
    },
    Object {
      "column": 4,
      "letter": "X",
      "row": 6,
      "updatedAt": "2017-07-14T02:40:00.000Z",
    },
    Object {
      "column": 5,
      "letter": "M",
      "row": 6,
      "updatedAt": "2017-07-14T02:40:00.000Z",
    },
    Object {
      "column": 6,
      "letter": "G",
      "row": 6,
      "updatedAt": "2017-07-14T02:40:00.000Z",
    },
    Object {
      "column": 7,
      "letter": "A",
      "row": 6,
      "updatedAt": "2017-07-14T02:40:00.000Z",
    },
    Object {
      "column": 8,
      "letter": "M",
      "row": 6,
      "updatedAt": "2017-07-14T02:40:00.000Z",
    },
    Object {
      "column": 9,
      "letter": "X",
      "row": 6,
      "updatedAt": "2017-07-14T02:40:00.000Z",
    },
    Object {
      "column": 10,
      "letter": "P",
      "row": 6,
      "updatedAt": "2017-07-14T02:40:00.000Z",
    },
    Object {
      "column": 11,
      "letter": "X",
      "row": 6,
      "updatedAt": "2017-07-14T02:40:00.000Z",
    },
    Object {
      "column": 12,
      "letter": "J",
      "row": 6,
      "updatedAt": "2017-07-14T02:40:00.000Z",
    },
    Object {
      "column": 13,
      "letter": "R",
      "row": 6,
      "updatedAt": "2017-07-14T02:40:00.000Z",
    },
    Object {
      "column": 14,
      "letter": "N",
      "row": 6,
      "updatedAt": "2017-07-14T02:40:00.000Z",
    },
  ],
  Array [
    Object {
      "column": 0,
      "letter": "X",
      "row": 7,
      "updatedAt": "2017-07-14T02:40:00.000Z",
    },
    Object {
      "column": 1,
      "letter": "T",
      "row": 7,
      "updatedAt": "2017-07-14T02:40:00.000Z",
    },
    Object {
      "column": 2,
      "letter": "F",
      "row": 7,
      "updatedAt": "2017-07-14T02:40:00.000Z",
    },
    Object {
      "column": 3,
      "letter": "M",
      "row": 7,
      "updatedAt": "2017-07-14T02:40:00.000Z",
    },
    Object {
      "column": 4,
      "letter": "M",
      "row": 7,
      "updatedAt": "2017-07-14T02:40:00.000Z",
    },
    Object {
      "column": 5,
      "letter": "E",
      "row": 7,
      "updatedAt": "2017-07-14T02:40:00.000Z",
    },
    Object {
      "column": 6,
      "letter": "U",
      "row": 7,
      "updatedAt": "2017-07-14T02:40:00.000Z",
    },
    Object {
      "column": 7,
      "letter": "V",
      "row": 7,
      "updatedAt": "2017-07-14T02:40:00.000Z",
    },
    Object {
      "column": 8,
      "letter": "F",
      "row": 7,
      "updatedAt": "2017-07-14T02:40:00.000Z",
    },
    Object {
      "column": 9,
      "letter": "T",
      "row": 7,
      "updatedAt": "2017-07-14T02:40:00.000Z",
    },
    Object {
      "column": 10,
      "letter": "H",
      "row": 7,
      "updatedAt": "2017-07-14T02:40:00.000Z",
    },
    Object {
      "column": 11,
      "letter": "T",
      "row": 7,
      "updatedAt": "2017-07-14T02:40:00.000Z",
    },
    Object {
      "column": 12,
      "letter": "E",
      "row": 7,
      "updatedAt": "2017-07-14T02:40:00.000Z",
    },
    Object {
      "column": 13,
      "letter": "Z",
      "row": 7,
      "updatedAt": "2017-07-14T02:40:00.000Z",
    },
    Object {
      "column": 14,
      "letter": "C",
      "row": 7,
      "updatedAt": "2017-07-14T02:40:00.000Z",
    },
  ],
  Array [
    Object {
      "column": 0,
      "letter": "Q",
      "row": 8,
      "updatedAt": "2017-07-14T02:40:00.000Z",
    },
    Object {
      "column": 1,
      "letter": "L",
      "row": 8,
      "updatedAt": "2017-07-14T02:40:00.000Z",
    },
    Object {
      "column": 2,
      "letter": "D",
      "row": 8,
      "updatedAt": "2017-07-14T02:40:00.000Z",
    },
    Object {
      "column": 3,
      "letter": "O",
      "row": 8,
      "updatedAt": "2017-07-14T02:40:00.000Z",
    },
    Object {
      "column": 4,
      "letter": "H",
      "row": 8,
      "updatedAt": "2017-07-14T02:40:00.000Z",
    },
    Object {
      "column": 5,
      "letter": "B",
      "row": 8,
      "updatedAt": "2017-07-14T02:40:00.000Z",
    },
    Object {
      "column": 6,
      "letter": "F",
      "row": 8,
      "updatedAt": "2017-07-14T02:40:00.000Z",
    },
    Object {
      "column": 7,
      "letter": "A",
      "row": 8,
      "updatedAt": "2017-07-14T02:40:00.000Z",
    },
    Object {
      "column": 8,
      "letter": "A",
      "row": 8,
      "updatedAt": "2017-07-14T02:40:00.000Z",
    },
    Object {
      "column": 9,
      "letter": "C",
      "row": 8,
      "updatedAt": "2017-07-14T02:40:00.000Z",
    },
    Object {
      "column": 10,
      "letter": "E",
      "row": 8,
      "updatedAt": "2017-07-14T02:40:00.000Z",
    },
    Object {
      "column": 11,
      "letter": "C",
      "row": 8,
      "updatedAt": "2017-07-14T02:40:00.000Z",
    },
    Object {
      "column": 12,
      "letter": "F",
      "row": 8,
      "updatedAt": "2017-07-14T02:40:00.000Z",
    },
    Object {
      "column": 13,
      "letter": "A",
      "row": 8,
      "updatedAt": "2017-07-14T02:40:00.000Z",
    },
    Object {
      "column": 14,
      "letter": "P",
      "row": 8,
      "updatedAt": "2017-07-14T02:40:00.000Z",
    },
  ],
  Array [
    Object {
      "column": 0,
      "letter": "Y",
      "row": 9,
      "updatedAt": "2017-07-14T02:40:00.000Z",
    },
    Object {
      "column": 1,
      "letter": "R",
      "row": 9,
      "updatedAt": "2017-07-14T02:40:00.000Z",
    },
    Object {
      "column": 2,
      "letter": "R",
      "row": 9,
      "updatedAt": "2017-07-14T02:40:00.000Z",
    },
    Object {
      "column": 3,
      "letter": "E",
      "row": 9,
      "updatedAt": "2017-07-14T02:40:00.000Z",
    },
    Object {
      "column": 4,
      "letter": "N",
      "row": 9,
      "updatedAt": "2017-07-14T02:40:00.000Z",
    },
    Object {
      "column": 5,
      "letter": "N",
      "row": 9,
      "updatedAt": "2017-07-14T02:40:00.000Z",
    },
    Object {
      "column": 6,
      "letter": "H",
      "row": 9,
      "updatedAt": "2017-07-14T02:40:00.000Z",
    },
    Object {
      "column": 7,
      "letter": "Z",
      "row": 9,
      "updatedAt": "2017-07-14T02:40:00.000Z",
    },
    Object {
      "column": 8,
      "letter": "L",
      "row": 9,
      "updatedAt": "2017-07-14T02:40:00.000Z",
    },
    Object {
      "column": 9,
      "letter": "P",
      "row": 9,
      "updatedAt": "2017-07-14T02:40:00.000Z",
    },
    Object {
      "column": 10,
      "letter": "E",
      "row": 9,
      "updatedAt": "2017-07-14T02:40:00.000Z",
    },
    Object {
      "column": 11,
      "letter": "T",
      "row": 9,
      "updatedAt": "2017-07-14T02:40:00.000Z",
    },
    Object {
      "column": 12,
      "letter": "W",
      "row": 9,
      "updatedAt": "2017-07-14T02:40:00.000Z",
    },
    Object {
      "column": 13,
      "letter": "Z",
      "row": 9,
      "updatedAt": "2017-07-14T02:40:00.000Z",
    },
    Object {
      "column": 14,
      "letter": "K",
      "row": 9,
      "updatedAt": "2017-07-14T02:40:00.000Z",
    },
  ],
  Array [
    Object {
      "column": 0,
      "letter": "N",
      "row": 10,
      "updatedAt": "2017-07-14T02:40:00.000Z",
    },
    Object {
      "column": 1,
      "letter": "N",
      "row": 10,
      "updatedAt": "2017-07-14T02:40:00.000Z",
    },
    Object {
      "column": 2,
      "letter": "U",
      "row": 10,
      "updatedAt": "2017-07-14T02:40:00.000Z",
    },
    Object {
      "column": 3,
      "letter": "B",
      "row": 10,
      "updatedAt": "2017-07-14T02:40:00.000Z",
    },
    Object {
      "column": 4,
      "letter": "O",
      "row": 10,
      "updatedAt": "2017-07-14T02:40:00.000Z",
    },
    Object {
      "column": 5,
      "letter": "A",
      "row": 10,
      "updatedAt": "2017-07-14T02:40:00.000Z",
    },
    Object {
      "column": 6,
      "letter": "F",
      "row": 10,
      "updatedAt": "2017-07-14T02:40:00.000Z",
    },
    Object {
      "column": 7,
      "letter": "Q",
      "row": 10,
      "updatedAt": "2017-07-14T02:40:00.000Z",
    },
    Object {
      "column": 8,
      "letter": "J",
      "row": 10,
      "updatedAt": "2017-07-14T02:40:00.000Z",
    },
    Object {
      "column": 9,
      "letter": "E",
      "row": 10,
      "updatedAt": "2017-07-14T02:40:00.000Z",
    },
    Object {
      "column": 10,
      "letter": "G",
      "row": 10,
      "updatedAt": "2017-07-14T02:40:00.000Z",
    },
    Object {
      "column": 11,
      "letter": "K",
      "row": 10,
      "updatedAt": "2017-07-14T02:40:00.000Z",
    },
    Object {
      "column": 12,
      "letter": "E",
      "row": 10,
      "updatedAt": "2017-07-14T02:40:00.000Z",
    },
    Object {
      "column": 13,
      "letter": "W",
      "row": 10,
      "updatedAt": "2017-07-14T02:40:00.000Z",
    },
    Object {
      "column": 14,
      "letter": "R",
      "row": 10,
      "updatedAt": "2017-07-14T02:40:00.000Z",
    },
  ],
  Array [
    Object {
      "column": 0,
      "letter": "K",
      "row": 11,
      "updatedAt": "2017-07-14T02:40:00.000Z",
    },
    Object {
      "column": 1,
      "letter": "G",
      "row": 11,
      "updatedAt": "2017-07-14T02:40:00.000Z",
    },
    Object {
      "column": 2,
      "letter": "X",
      "row": 11,
      "updatedAt": "2017-07-14T02:40:00.000Z",
    },
    Object {
      "column": 3,
      "letter": "L",
      "row": 11,
      "updatedAt": "2017-07-14T02:40:00.000Z",
    },
    Object {
      "column": 4,
      "letter": "Q",
      "row": 11,
      "updatedAt": "2017-07-14T02:40:00.000Z",
    },
    Object {
      "column": 5,
      "letter": "B",
      "row": 11,
      "updatedAt": "2017-07-14T02:40:00.000Z",
    },
    Object {
      "column": 6,
      "letter": "X",
      "row": 11,
      "updatedAt": "2017-07-14T02:40:00.000Z",
    },
    Object {
      "column": 7,
      "letter": "Q",
      "row": 11,
      "updatedAt": "2017-07-14T02:40:00.000Z",
    },
    Object {
      "column": 8,
      "letter": "W",
      "row": 11,
      "updatedAt": "2017-07-14T02:40:00.000Z",
    },
    Object {
      "column": 9,
      "letter": "P",
      "row": 11,
      "updatedAt": "2017-07-14T02:40:00.000Z",
    },
    Object {
      "column": 10,
      "letter": "B",
      "row": 11,
      "updatedAt": "2017-07-14T02:40:00.000Z",
    },
    Object {
      "column": 11,
      "letter": "N",
      "row": 11,
      "updatedAt": "2017-07-14T02:40:00.000Z",
    },
    Object {
      "column": 12,
      "letter": "J",
      "row": 11,
      "updatedAt": "2017-07-14T02:40:00.000Z",
    },
    Object {
      "column": 13,
      "letter": "S",
      "row": 11,
      "updatedAt": "2017-07-14T02:40:00.000Z",
    },
    Object {
      "column": 14,
      "letter": "B",
      "row": 11,
      "updatedAt": "2017-07-14T02:40:00.000Z",
    },
  ],
  Array [
    Object {
      "column": 0,
      "letter": "D",
      "row": 12,
      "updatedAt": "2017-07-14T02:40:00.000Z",
    },
    Object {
      "column": 1,
      "letter": "G",
      "row": 12,
      "updatedAt": "2017-07-14T02:40:00.000Z",
    },
    Object {
      "column": 2,
      "letter": "Z",
      "row": 12,
      "updatedAt": "2017-07-14T02:40:00.000Z",
    },
    Object {
      "column": 3,
      "letter": "C",
      "row": 12,
      "updatedAt": "2017-07-14T02:40:00.000Z",
    },
    Object {
      "column": 4,
      "letter": "X",
      "row": 12,
      "updatedAt": "2017-07-14T02:40:00.000Z",
    },
    Object {
      "column": 5,
      "letter": "C",
      "row": 12,
      "updatedAt": "2017-07-14T02:40:00.000Z",
    },
    Object {
      "column": 6,
      "letter": "J",
      "row": 12,
      "updatedAt": "2017-07-14T02:40:00.000Z",
    },
    Object {
      "column": 7,
      "letter": "Y",
      "row": 12,
      "updatedAt": "2017-07-14T02:40:00.000Z",
    },
    Object {
      "column": 8,
      "letter": "K",
      "row": 12,
      "updatedAt": "2017-07-14T02:40:00.000Z",
    },
    Object {
      "column": 9,
      "letter": "E",
      "row": 12,
      "updatedAt": "2017-07-14T02:40:00.000Z",
    },
    Object {
      "column": 10,
      "letter": "C",
      "row": 12,
      "updatedAt": "2017-07-14T02:40:00.000Z",
    },
    Object {
      "column": 11,
      "letter": "N",
      "row": 12,
      "updatedAt": "2017-07-14T02:40:00.000Z",
    },
    Object {
      "column": 12,
      "letter": "E",
      "row": 12,
      "updatedAt": "2017-07-14T02:40:00.000Z",
    },
    Object {
      "column": 13,
      "letter": "C",
      "row": 12,
      "updatedAt": "2017-07-14T02:40:00.000Z",
    },
    Object {
      "column": 14,
      "letter": "O",
      "row": 12,
      "updatedAt": "2017-07-14T02:40:00.000Z",
    },
  ],
  Array [
    Object {
      "column": 0,
      "letter": "R",
      "row": 13,
      "updatedAt": "2017-07-14T02:40:00.000Z",
    },
    Object {
      "column": 1,
      "letter": "Q",
      "row": 13,
      "updatedAt": "2017-07-14T02:40:00.000Z",
    },
    Object {
      "column": 2,
      "letter": "N",
      "row": 13,
      "updatedAt": "2017-07-14T02:40:00.000Z",
    },
    Object {
      "column": 3,
      "letter": "O",
      "row": 13,
      "updatedAt": "2017-07-14T02:40:00.000Z",
    },
    Object {
      "column": 4,
      "letter": "C",
      "row": 13,
      "updatedAt": "2017-07-14T02:40:00.000Z",
    },
    Object {
      "column": 5,
      "letter": "D",
      "row": 13,
      "updatedAt": "2017-07-14T02:40:00.000Z",
    },
    Object {
      "column": 6,
      "letter": "A",
      "row": 13,
      "updatedAt": "2017-07-14T02:40:00.000Z",
    },
    Object {
      "column": 7,
      "letter": "X",
      "row": 13,
      "updatedAt": "2017-07-14T02:40:00.000Z",
    },
    Object {
      "column": 8,
      "letter": "D",
      "row": 13,
      "updatedAt": "2017-07-14T02:40:00.000Z",
    },
    Object {
      "column": 9,
      "letter": "D",
      "row": 13,
      "updatedAt": "2017-07-14T02:40:00.000Z",
    },
    Object {
      "column": 10,
      "letter": "B",
      "row": 13,
      "updatedAt": "2017-07-14T02:40:00.000Z",
    },
    Object {
      "column": 11,
      "letter": "F",
      "row": 13,
      "updatedAt": "2017-07-14T02:40:00.000Z",
    },
    Object {
      "column": 12,
      "letter": "V",
      "row": 13,
      "updatedAt": "2017-07-14T02:40:00.000Z",
    },
    Object {
      "column": 13,
      "letter": "X",
      "row": 13,
      "updatedAt": "2017-07-14T02:40:00.000Z",
    },
    Object {
      "column": 14,
      "letter": "M",
      "row": 13,
      "updatedAt": "2017-07-14T02:40:00.000Z",
    },
  ],
  Array [
    Object {
      "column": 0,
      "letter": "N",
      "row": 14,
      "updatedAt": "2017-07-14T02:40:00.000Z",
    },
    Object {
      "column": 1,
      "letter": "N",
      "row": 14,
      "updatedAt": "2017-07-14T02:40:00.000Z",
    },
    Object {
      "column": 2,
      "letter": "Q",
      "row": 14,
      "updatedAt": "2017-07-14T02:40:00.000Z",
    },
    Object {
      "column": 3,
      "letter": "S",
      "row": 14,
      "updatedAt": "2017-07-14T02:40:00.000Z",
    },
    Object {
      "column": 4,
      "letter": "W",
      "row": 14,
      "updatedAt": "2017-07-14T02:40:00.000Z",
    },
    Object {
      "column": 5,
      "letter": "E",
      "row": 14,
      "updatedAt": "2017-07-14T02:40:00.000Z",
    },
    Object {
      "column": 6,
      "letter": "F",
      "row": 14,
      "updatedAt": "2017-07-14T02:40:00.000Z",
    },
    Object {
      "column": 7,
      "letter": "G",
      "row": 14,
      "updatedAt": "2017-07-14T02:40:00.000Z",
    },
    Object {
      "column": 8,
      "letter": "H",
      "row": 14,
      "updatedAt": "2017-07-14T02:40:00.000Z",
    },
    Object {
      "column": 9,
      "letter": "I",
      "row": 14,
      "updatedAt": "2017-07-14T02:40:00.000Z",
    },
    Object {
      "column": 10,
      "letter": "J",
      "row": 14,
      "updatedAt": "2017-07-14T02:40:00.000Z",
    },
    Object {
      "column": 11,
      "letter": "K",
      "row": 14,
      "updatedAt": "2017-07-14T02:40:00.000Z",
    },
    Object {
      "column": 12,
      "letter": "L",
      "row": 14,
      "updatedAt": 2017-07-14T02:40:00.000Z,
    },
    Object {
      "column": 13,
      "letter": "E",
      "row": 14,
      "updatedAt": "2017-07-14T02:40:00.000Z",
    },
    Object {
      "column": 14,
      "letter": "P",
      "row": 14,
      "updatedAt": "2017-07-14T02:40:00.000Z",
    },
  ],
]
`;

exports[`Should match snapshot for tiny puzzle 1`] = `
Array [
  Array [
    Object {
      "column": 0,
      "letter": "O",
      "row": 0,
      "updatedAt": "2017-07-14T02:40:00.000Z",
    },
    Object {
      "column": 1,
      "letter": "R",
      "row": 0,
      "updatedAt": 2017-07-14T02:40:00.000Z,
    },
  ],
  Array [
    Object {
      "column": 0,
      "letter": "N",
      "row": 1,
      "updatedAt": "2017-07-14T02:40:00.000Z",
    },
    Object {
      "column": 1,
      "letter": "X",
      "row": 1,
      "updatedAt": "2017-07-14T02:40:00.000Z",
    },
  ],
]
`;
