// Jest Snapshot v1, https://goo.gl/fbAQLP

exports[`Puzzle Should match snapshot for large puzzle 1`] = `
Array [
  Array [
    Object {
      "column": 0,
      "letter": "W",
      "row": 0,
      "updatedAt": 2017-07-14T02:40:00.000Z,
    },
    Object {
      "column": 1,
      "letter": "G",
      "row": 0,
      "updatedAt": 2017-07-14T02:40:00.000Z,
    },
    Object {
      "column": 2,
      "letter": "B",
      "row": 0,
      "updatedAt": 2017-07-14T02:40:00.000Z,
    },
    Object {
      "column": 3,
      "letter": "B",
      "row": 0,
      "updatedAt": 2017-07-14T02:40:00.000Z,
    },
    Object {
      "column": 4,
      "letter": "X",
      "row": 0,
      "updatedAt": 2017-07-14T02:40:00.000Z,
    },
    Object {
      "column": 5,
      "letter": "V",
      "row": 0,
      "updatedAt": 2017-07-14T02:40:00.000Z,
    },
    Object {
      "column": 6,
      "letter": "K",
      "row": 0,
      "updatedAt": 2017-07-14T02:40:00.000Z,
    },
    Object {
      "column": 7,
      "letter": "L",
      "row": 0,
      "updatedAt": 2017-07-14T02:40:00.000Z,
    },
  ],
  Array [
    Object {
      "column": 0,
      "letter": "G",
      "row": 1,
      "updatedAt": 2017-07-14T02:40:00.000Z,
    },
    Object {
      "column": 1,
      "letter": "H",
      "row": 1,
      "updatedAt": 2017-07-14T02:40:00.000Z,
    },
    Object {
      "column": 2,
      "letter": "H",
      "row": 1,
      "updatedAt": 2017-07-14T02:40:00.000Z,
    },
    Object {
      "column": 3,
      "letter": "G",
      "row": 1,
      "updatedAt": 2017-07-14T02:40:00.000Z,
    },
    Object {
      "column": 4,
      "letter": "D",
      "row": 1,
      "updatedAt": 2017-07-14T02:40:00.000Z,
    },
    Object {
      "column": 5,
      "letter": "K",
      "row": 1,
      "updatedAt": 2017-07-14T02:40:00.000Z,
    },
    Object {
      "column": 6,
      "letter": "L",
      "row": 1,
      "updatedAt": 2017-07-14T02:40:00.000Z,
    },
    Object {
      "column": 7,
      "letter": "S",
      "row": 1,
      "updatedAt": 2017-07-14T02:40:00.000Z,
    },
  ],
  Array [
    Object {
      "column": 0,
      "letter": "T",
      "row": 2,
      "updatedAt": 2017-07-14T02:40:00.000Z,
    },
    Object {
      "column": 1,
      "letter": "J",
      "row": 2,
      "updatedAt": 2017-07-14T02:40:00.000Z,
    },
    Object {
      "column": 2,
      "letter": "X",
      "row": 2,
      "updatedAt": 2017-07-14T02:40:00.000Z,
    },
    Object {
      "column": 3,
      "letter": "U",
      "row": 2,
      "updatedAt": 2017-07-14T02:40:00.000Z,
    },
    Object {
      "column": 4,
      "letter": "F",
      "row": 2,
      "updatedAt": 2017-07-14T02:40:00.000Z,
    },
    Object {
      "column": 5,
      "letter": "P",
      "row": 2,
      "updatedAt": 2017-07-14T02:40:00.000Z,
    },
    Object {
      "column": 6,
      "letter": "G",
      "row": 2,
      "updatedAt": 2017-07-14T02:40:00.000Z,
    },
    Object {
      "column": 7,
      "letter": "H",
      "row": 2,
      "updatedAt": 2017-07-14T02:40:00.000Z,
    },
  ],
  Array [
    Object {
      "column": 0,
      "letter": "L",
      "row": 3,
      "updatedAt": 2017-07-14T02:40:00.000Z,
    },
    Object {
      "column": 1,
      "letter": "W",
      "row": 3,
      "updatedAt": 2017-07-14T02:40:00.000Z,
    },
    Object {
      "column": 2,
      "letter": "T",
      "row": 3,
      "updatedAt": 2017-07-14T02:40:00.000Z,
    },
    Object {
      "column": 3,
      "letter": "E",
      "row": 3,
      "updatedAt": 2017-07-14T02:40:00.000Z,
    },
    Object {
      "column": 4,
      "letter": "X",
      "row": 3,
      "updatedAt": 2017-07-14T02:40:00.000Z,
    },
    Object {
      "column": 5,
      "letter": "P",
      "row": 3,
      "updatedAt": 2017-07-14T02:40:00.000Z,
    },
    Object {
      "column": 6,
      "letter": "G",
      "row": 3,
      "updatedAt": 2017-07-14T02:40:00.000Z,
    },
    Object {
      "column": 7,
      "letter": "H",
      "row": 3,
      "updatedAt": 2017-07-14T02:40:00.000Z,
    },
  ],
  Array [
    Object {
      "column": 0,
      "letter": "M",
      "row": 4,
      "updatedAt": 2017-07-14T02:40:00.000Z,
    },
    Object {
      "column": 1,
      "letter": "F",
      "row": 4,
      "updatedAt": 2017-07-14T02:40:00.000Z,
    },
    Object {
      "column": 2,
      "letter": "C",
      "row": 4,
      "updatedAt": 2017-07-14T02:40:00.000Z,
    },
    Object {
      "column": 3,
      "letter": "F",
      "row": 4,
      "updatedAt": 2017-07-14T02:40:00.000Z,
    },
    Object {
      "column": 4,
      "letter": "W",
      "row": 4,
      "updatedAt": 2017-07-14T02:40:00.000Z,
    },
    Object {
      "column": 5,
      "letter": "X",
      "row": 4,
      "updatedAt": 2017-07-14T02:40:00.000Z,
    },
    Object {
      "column": 6,
      "letter": "D",
      "row": 4,
      "updatedAt": 2017-07-14T02:40:00.000Z,
    },
    Object {
      "column": 7,
      "letter": "D",
      "row": 4,
      "updatedAt": 2017-07-14T02:40:00.000Z,
    },
  ],
  Array [
    Object {
      "column": 0,
      "letter": "H",
      "row": 5,
      "updatedAt": 2017-07-14T02:40:00.000Z,
    },
    Object {
      "column": 1,
      "letter": "S",
      "row": 5,
      "updatedAt": 2017-07-14T02:40:00.000Z,
    },
    Object {
      "column": 2,
      "letter": "X",
      "row": 5,
      "updatedAt": 2017-07-14T02:40:00.000Z,
    },
    Object {
      "column": 3,
      "letter": "G",
      "row": 5,
      "updatedAt": 2017-07-14T02:40:00.000Z,
    },
    Object {
      "column": 4,
      "letter": "K",
      "row": 5,
      "updatedAt": 2017-07-14T02:40:00.000Z,
    },
    Object {
      "column": 5,
      "letter": "U",
      "row": 5,
      "updatedAt": 2017-07-14T02:40:00.000Z,
    },
    Object {
      "column": 6,
      "letter": "N",
      "row": 5,
      "updatedAt": 2017-07-14T02:40:00.000Z,
    },
    Object {
      "column": 7,
      "letter": "T",
      "row": 5,
      "updatedAt": 2017-07-14T02:40:00.000Z,
    },
  ],
  Array [
    Object {
      "column": 0,
      "letter": "Z",
      "row": 6,
      "updatedAt": 2017-07-14T02:40:00.000Z,
    },
    Object {
      "column": 1,
      "letter": "X",
      "row": 6,
      "updatedAt": 2017-07-14T02:40:00.000Z,
    },
    Object {
      "column": 2,
      "letter": "I",
      "row": 6,
      "updatedAt": 2017-07-14T02:40:00.000Z,
    },
    Object {
      "column": 3,
      "letter": "E",
      "row": 6,
      "updatedAt": 2017-07-14T02:40:00.000Z,
    },
    Object {
      "column": 4,
      "letter": "L",
      "row": 6,
      "updatedAt": 2017-07-14T02:40:00.000Z,
    },
    Object {
      "column": 5,
      "letter": "Q",
      "row": 6,
      "updatedAt": 2017-07-14T02:40:00.000Z,
    },
    Object {
      "column": 6,
      "letter": "O",
      "row": 6,
      "updatedAt": 2017-07-14T02:40:00.000Z,
    },
    Object {
      "column": 7,
      "letter": "R",
      "row": 6,
      "updatedAt": 2017-07-14T02:40:00.000Z,
    },
  ],
  Array [
    Object {
      "column": 0,
      "letter": "E",
      "row": 7,
      "updatedAt": 2017-07-14T02:40:00.000Z,
    },
    Object {
      "column": 1,
      "letter": "Y",
      "row": 7,
      "updatedAt": 2017-07-14T02:40:00.000Z,
    },
    Object {
      "column": 2,
      "letter": "I",
      "row": 7,
      "updatedAt": 2017-07-14T02:40:00.000Z,
    },
    Object {
      "column": 3,
      "letter": "G",
      "row": 7,
      "updatedAt": 2017-07-14T02:40:00.000Z,
    },
    Object {
      "column": 4,
      "letter": "G",
      "row": 7,
      "updatedAt": 2017-07-14T02:40:00.000Z,
    },
    Object {
      "column": 5,
      "letter": "X",
      "row": 7,
      "updatedAt": 2017-07-14T02:40:00.000Z,
    },
    Object {
      "column": 6,
      "letter": "W",
      "row": 7,
      "updatedAt": 2017-07-14T02:40:00.000Z,
    },
    Object {
      "column": 7,
      "letter": "A",
      "row": 7,
      "updatedAt": 2017-07-14T02:40:00.000Z,
    },
  ],
]
`;
